num_eq_true=true
num_neq_true=true
num_lt=true
num_gte=true
num_bool_eq=true
num_bool_neq=true
bool_lt_num=true
num_gte_bool=true
none_eq_none=true
none_eq_num=false
none_neq_num=true
str_eq_same=true
str_eq_diff=false
str_eq_num=false
str_eq_bool=false
str_eq_none=false
str_gt_strnum=true
str_lt_num=true
str_gt_num=true
str_lt_nonnum=true
str_gte_nonnum=true
num_gt_str=true
bool_gt_str=true
array_identity_eq=true
array_diff_eq=false
array_diff_neq=true
